20:44:14 **** Incremental Build of configuration Debug for project CAN task ****
make -j8 all 
arm-none-eabi-gcc "../Core/Src/main.c" -mcpu=cortex-m3 -std=gnu11 -g3 -DDEBUG -DUSE_HAL_DRIVER -DSTM32F103xB -c -I../Core/Inc -I../Drivers/STM32F1xx_HAL_Driver/Inc/Legacy -I../Drivers/STM32F1xx_HAL_Driver/Inc -I../Drivers/CMSIS/Device/ST/STM32F1xx/Include -I../Drivers/CMSIS/Include -O0 -ffunction-sections -fdata-sections -Wall -fstack-usage -fcyclomatic-complexity -MMD -MP -MF"Core/Src/main.d" -MT"Core/Src/main.o" --specs=nano.specs -mfloat-abi=soft -mthumb -o "Core/Src/main.o"
arm-none-eabi-gcc -o "CAN task.elf" @"objects.list"   -mcpu=cortex-m3 -T"D:\Racing team\Tasks\ASURT CAN task\CubeIDE\CAN task\STM32F103C8TX_FLASH.ld" --specs=nosys.specs -Wl,-Map="CAN task.map" -Wl,--gc-sections -static --specs=nano.specs -mfloat-abi=soft -mthumb -Wl,--start-group -lc -lm -Wl,--end-group
Finished building target: CAN task.elf
 
arm-none-eabi-size  CAN\ task.elf 
arm-none-eabi-objdump -h -S CAN\ task.elf  > "CAN task.list"
arm-none-eabi-objcopy  -O ihex CAN\ task.elf  "CAN task.hex"
   text	   data	    bss	    dec	    hex	filename
   6656	     12	   1644	   8312	   2078	CAN task.elf
Finished building: default.size.stdout
 
Finished building: CAN task.list
Finished building: CAN task.hex
 
 

20:44:16 Build Finished. 0 errors, 0 warnings. (took 2s.374ms)

